---
source: tui/src/pets/preview.rs
expression: terminal.backend()
---
"                              "
"           /\___/\            "
"          (= o.o =)           "
"         /|       |\          "
"        / |_______| \         "
"       ╭───●─────●───╮        "
"       │ · · · · · · │        "
"       ╰─────────────╯        "
"                              "
"                              "
