---
source: tui/src/pets/bongo_tests.rs
expression: terminal.backend()
---
"    /\___/\    "
"   (= o.o =)   "
"  /|       |\  "
" / |_______| \ "
"╭───●─────●───╮"
"│ · · · · · · │"
"╰─────────────╯"
"               "
"    /\___/\    "
"   (= o.o =)   "
"  /|       |\  "
" / |_______| \ "
"╭─────────●───╮"
"│ · ● · · · · │"
"╰─────────────╯"
"               "
"    /\___/\    "
"   (= o.o =)   "
"  /|       |\  "
" / |_______| \ "
"╭───●─────●───╮"
"│ · · · · · · │"
"╰─────────────╯"
"               "
"    /\___/\    "
"   (= o.o =)   "
"  /|       |\  "
" / ●_______| \ "
"╭─────────●───╮"
"│ · · · · · · │"
"╰─────────────╯"
"               "
"    /\___/\    "
"   (= o.o =)   "
"  ●|       |\  "
" / |_______| \ "
"╭─────────●───╮"
"│ · · · · · · │"
"╰─────────────╯"
"               "
"    /\___/\    "
"   (= o.o =)   "
"  /|       |\  "
" / |_______| \ "
"╭───●─────────╮"
"│ · · · · ● · │"
"╰─────────────╯"
"               "
"    /\___/\    "
"   (= o.o =)   "
"  /|       |\  "
" / |_______| \ "
"╭───●─────●───╮"
"│ · · · · · · │"
"╰─────────────╯"
"               "
"    /\___/\    "
"   (= o.o =)   "
"  /|       |\  "
" / |_______● \ "
"╭───●─────────╮"
"│ · · · · · · │"
"╰─────────────╯"
"               "
"    /\___/\    "
"   (= o.o =)   "
"  /|       |●  "
" / |_______| \ "
"╭───●─────────╮"
"│ · · · · · · │"
"╰─────────────╯"
