---
source: tui/src/history_cell/tests.rs
expression: rendered
---
╭────────────────────────────────────────────────────────────────────────────────────────────────────────────╮
│ ✨ Update available! 0.0.0 -> 9.9.9                                                                        │
│ Run sh -c 'curl -fsSL https://github.com/yuguorui/codex/releases/latest/download/install-fork.sh | sh' to  │
│ update.                                                                                                    │
│                                                                                                            │
│ See full release notes:                                                                                    │
│ https://github.com/yuguorui/codex/releases/latest                                                          │
╰────────────────────────────────────────────────────────────────────────────────────────────────────────────╯
